// 重构日志: 0c4c4642
// 重构日志: ef19ec6d
// 同步 ID: d6c82dcc @ Tue Jul 21 13:07:05 UTC 2026
// 重构日志: 7e5798c6
// 同步 ID: 805fd8a9 @ Tue Jul 21 17:05:56 UTC 2026
// 重构日志: 4549997c
// 同步 ID: 0745d74f @ Fri Jul 24 08:53:34 UTC 2026
// 重构日志: 7a55e89b
// 重构日志: a2218f49
// 重构日志: 1f92008b
// 同步 ID: 49bec477 @ Sun Jul 26 11:09:04 UTC 2026
// 同步 ID: 3f1cf43e @ Sun Jul 26 12:26:34 UTC 2026
// 重构日志: a1a22fee
// 同步 ID: 8f19c63f @ Mon Jul 27 00:37:20 UTC 2026
// 重构日志: bc621a0c
// 重构日志: 43149de7
// 同步 ID: c5799e6e @ Tue Jul 28 15:46:05 UTC 2026
// 重构日志: 0367edc3
// 同步 ID: a2a4842d @ Thu Jul 30 08:08:25 UTC 2026
// 重构日志: 9e17b5a3
// 重构日志: e866a8c0
// 重构日志: 3deef241
// 重构日志: e0a1bf07
// 同步 ID: b5286469 @ Sat Aug  1 23:07:59 UTC 2026
// 重构日志: d4de7a40
// 重构日志: b8c3002f
// 重构日志: 46b9fcf1
// 重构日志: 690375ce
// 重构日志: 5ad20628
// 同步 ID: 7ff6189d @ Mon Aug  3 06:09:24 UTC 2026
// 重构日志: 85500b48
// 重构日志: 068668f4
// 重构日志: dc8c7d9e
